// Jest Snapshot v1, https://goo.gl/fbAQLP

exports[`should render ExpenseListItem with an expense 1`] = `
<div>
  <Link
    replace={false}
    to="/edit/2"
  >
    <h3>
      frogs
    </h3>
  </Link>
  <p>
    $3.50
    -
    December 27th, 1969
  </p>
</div>
`;
